$ openspec validate --specs --strict --no-interactive
✓ spec/abuse-and-rate-limits
✓ spec/billing-and-entitlements
✓ spec/bootability-and-regression-baseline
✓ spec/citations-evidence-protocol
✓ spec/commercial-readiness-gates
✓ spec/corpus-governance
✓ spec/corpus-release-pipeline
✓ spec/cross-book-consistency-conflicts
✓ spec/deployment-release
✓ spec/engine-id-governance
✓ spec/fusion-engine-explainability
✓ spec/geocoding-first-class
✓ spec/golden-sets-and-regression
✓ spec/identity-and-data-isolation
✓ spec/knowledge-graph-runtime-semanticquery
✓ spec/llm-narrative-layer
✓ spec/observability-slos
✓ spec/playbook-and-action-loop
✓ spec/production-defaults-no-mock
✓ spec/proofreading-workflow-qa
✓ spec/security-privacy-compliance
✓ spec/semantic-extraction-quality-gates
✓ spec/semantic-layer-core
✓ spec/seven-engine-pipeline-e2e
✓ spec/text-normalization-alignment
✓ spec/versioning-and-deviation-detection
Totals: 26 passed, 0 failed (26 items)

$ LS_ARTIFACT_DIR=openspec/changes/implement-versioning-and-boot-regression-v1/evidence/artifacts_final bash scripts/gates/gate0_versioning_deviation.sh
$ openspec validate --specs --strict --no-interactive
✓ spec/abuse-and-rate-limits
✓ spec/billing-and-entitlements
✓ spec/bootability-and-regression-baseline
✓ spec/citations-evidence-protocol
✓ spec/commercial-readiness-gates
✓ spec/corpus-governance
✓ spec/corpus-release-pipeline
✓ spec/cross-book-consistency-conflicts
✓ spec/deployment-release
✓ spec/engine-id-governance
✓ spec/fusion-engine-explainability
✓ spec/geocoding-first-class
✓ spec/golden-sets-and-regression
✓ spec/identity-and-data-isolation
✓ spec/knowledge-graph-runtime-semanticquery
✓ spec/llm-narrative-layer
✓ spec/observability-slos
✓ spec/playbook-and-action-loop
✓ spec/production-defaults-no-mock
✓ spec/proofreading-workflow-qa
✓ spec/security-privacy-compliance
✓ spec/semantic-extraction-quality-gates
✓ spec/semantic-layer-core
✓ spec/seven-engine-pipeline-e2e
✓ spec/text-normalization-alignment
✓ spec/versioning-and-deviation-detection
Totals: 26 passed, 0 failed (26 items)
$ PYTHONPATH=. .venv/bin/pytest backend/tests/gate0_versioning_deviation -q --junitxml=openspec/changes/implement-versioning-and-boot-regression-v1/evidence/artifacts_final/gate0_versioning_deviation/pytest-junit.xml
.........                                                                [100%]
- generated xml file: /home/leeky/work/LucidSelf/openspec/changes/implement-versioning-and-boot-regression-v1/evidence/artifacts_final/gate0_versioning_deviation/pytest-junit.xml -
9 passed in 0.33s
$ .venv/bin/python -c '<generate version manifest>'
openspec/changes/implement-versioning-and-boot-regression-v1/evidence/artifacts_final/versioning/version_manifest.json

$ LS_ARTIFACT_DIR=openspec/changes/implement-versioning-and-boot-regression-v1/evidence/artifacts_final bash scripts/gates/gate1_boot_regression.sh
$ openspec validate --specs --strict --no-interactive
✓ spec/abuse-and-rate-limits
✓ spec/billing-and-entitlements
✓ spec/bootability-and-regression-baseline
✓ spec/citations-evidence-protocol
✓ spec/commercial-readiness-gates
✓ spec/corpus-governance
✓ spec/corpus-release-pipeline
✓ spec/cross-book-consistency-conflicts
✓ spec/deployment-release
✓ spec/engine-id-governance
✓ spec/fusion-engine-explainability
✓ spec/geocoding-first-class
✓ spec/golden-sets-and-regression
✓ spec/identity-and-data-isolation
✓ spec/knowledge-graph-runtime-semanticquery
✓ spec/llm-narrative-layer
✓ spec/observability-slos
✓ spec/playbook-and-action-loop
✓ spec/production-defaults-no-mock
✓ spec/proofreading-workflow-qa
✓ spec/security-privacy-compliance
✓ spec/semantic-extraction-quality-gates
✓ spec/semantic-layer-core
✓ spec/seven-engine-pipeline-e2e
✓ spec/text-normalization-alignment
✓ spec/versioning-and-deviation-detection
Totals: 26 passed, 0 failed (26 items)
$ PYTHONPATH=. .venv/bin/pytest backend/tests/gate1_boot_regression backend/tests/integration/test_pipeline_e2e.py -q --junitxml=openspec/changes/implement-versioning-and-boot-regression-v1/evidence/artifacts_final/gate1_boot_regression/pytest-junit.xml
....................                                                     [100%]
=============================== warnings summary ===============================
.venv/lib/python3.12/site-packages/pydantic/_internal/_fields.py:149
  /home/leeky/work/LucidSelf/.venv/lib/python3.12/site-packages/pydantic/_internal/_fields.py:149: UserWarning: Field "model_id" has conflict with protected namespace "model_".
  
  You may be able to resolve this warning by setting `model_config['protected_namespaces'] = ()`.
    warnings.warn(

.venv/lib/python3.12/site-packages/pydantic/_internal/_fields.py:149
  /home/leeky/work/LucidSelf/.venv/lib/python3.12/site-packages/pydantic/_internal/_fields.py:149: UserWarning: Field "model_used" has conflict with protected namespace "model_".
  
  You may be able to resolve this warning by setting `model_config['protected_namespaces'] = ()`.
    warnings.warn(

.venv/lib/python3.12/site-packages/pydantic/_internal/_config.py:268
.venv/lib/python3.12/site-packages/pydantic/_internal/_config.py:268
.venv/lib/python3.12/site-packages/pydantic/_internal/_config.py:268
.venv/lib/python3.12/site-packages/pydantic/_internal/_config.py:268
.venv/lib/python3.12/site-packages/pydantic/_internal/_config.py:268
  /home/leeky/work/LucidSelf/.venv/lib/python3.12/site-packages/pydantic/_internal/_config.py:268: PydanticDeprecatedSince20: Support for class-based `config` is deprecated, use ConfigDict instead. Deprecated in Pydantic V2.0 to be removed in V3.0. See Pydantic V2 Migration Guide at https://errors.pydantic.dev/2.5/migration/
    warnings.warn(DEPRECATION_MESSAGE, DeprecationWarning)

backend/tests/gate1_boot_regression/test_bootability_checks.py::test_run_boot_checks_detects_migration_mismatch
  /home/leeky/work/LucidSelf/.venv/lib/python3.12/site-packages/dateutil/tz/tz.py:37: DeprecationWarning: datetime.datetime.utcfromtimestamp() is deprecated and scheduled for removal in a future version. Use timezone-aware objects to represent datetimes in UTC: datetime.datetime.fromtimestamp(timestamp, datetime.UTC).
    EPOCH = datetime.datetime.utcfromtimestamp(0)

backend/tests/gate1_boot_regression/test_drift_regression.py::test_pipeline_bazi_drift_regression
  /home/leeky/work/LucidSelf/backend/rules/__init__.py:27: DeprecationWarning: dimension.py 已弃用，请迁移到 backend.core.contracts.unified_dimensions 模块的 DimensionRegistry
    from backend.rules.dimension import DimensionMapper, get_dimension_mapper

backend/tests/gate1_boot_regression/test_drift_regression.py::test_pipeline_bazi_drift_regression
  /home/leeky/work/LucidSelf/.venv/lib/python3.12/site-packages/pytz/tzinfo.py:27: DeprecationWarning: datetime.datetime.utcfromtimestamp() is deprecated and scheduled for removal in a future version. Use timezone-aware objects to represent datetimes in UTC: datetime.datetime.fromtimestamp(timestamp, datetime.UTC).
    _epoch = datetime.utcfromtimestamp(0)

backend/tests/gate1_boot_regression/test_drift_regression.py: 1 warning
backend/tests/integration/test_pipeline_e2e.py: 17 warnings
  <string>:13: DeprecationWarning: datetime.datetime.utcnow() is deprecated and scheduled for removal in a future version. Use timezone-aware objects to represent datetimes in UTC: datetime.datetime.now(datetime.UTC).

backend/tests/integration/test_pipeline_e2e.py: 17 warnings
  <string>:12: DeprecationWarning: datetime.datetime.utcnow() is deprecated and scheduled for removal in a future version. Use timezone-aware objects to represent datetimes in UTC: datetime.datetime.now(datetime.UTC).

backend/tests/integration/test_pipeline_e2e.py::TestDreamPipelineE2E::test_dream_pipeline_e2e
  /home/leeky/work/LucidSelf/.venv/lib/python3.12/site-packages/jieba/_compat.py:18: UserWarning: pkg_resources is deprecated as an API. See https://setuptools.pypa.io/en/latest/pkg_resources.html. The pkg_resources package is slated for removal as early as 2025-11-30. Refrain from using this package or pin to Setuptools<81.
    import pkg_resources

-- Docs: https://docs.pytest.org/en/stable/how-to/capture-warnings.html
- generated xml file: /home/leeky/work/LucidSelf/openspec/changes/implement-versioning-and-boot-regression-v1/evidence/artifacts_final/gate1_boot_regression/pytest-junit.xml -
20 passed, 46 warnings in 19.01s
$ .venv/bin/python -c '<write regression suite baseline + version link report>'
openspec/changes/implement-versioning-and-boot-regression-v1/evidence/artifacts_final/regression/version_link_report.json

$ find openspec/changes/implement-versioning-and-boot-regression-v1/evidence/artifacts_final -maxdepth 3 -type f -print
openspec/changes/implement-versioning-and-boot-regression-v1/evidence/artifacts_final/regression/actual_summary.json
openspec/changes/implement-versioning-and-boot-regression-v1/evidence/artifacts_final/regression/version_link_report.json
openspec/changes/implement-versioning-and-boot-regression-v1/evidence/artifacts_final/regression/deviation_report.json
openspec/changes/implement-versioning-and-boot-regression-v1/evidence/artifacts_final/regression/baseline_summary.json
openspec/changes/implement-versioning-and-boot-regression-v1/evidence/artifacts_final/regression/regression_suite_baseline.json
openspec/changes/implement-versioning-and-boot-regression-v1/evidence/artifacts_final/regression/startup_checks.json
openspec/changes/implement-versioning-and-boot-regression-v1/evidence/artifacts_final/gate0_versioning_deviation/pytest-junit.xml
openspec/changes/implement-versioning-and-boot-regression-v1/evidence/artifacts_final/versioning/version_manifest.json
openspec/changes/implement-versioning-and-boot-regression-v1/evidence/artifacts_final/gate1_boot_regression/pytest-junit.xml
