$ rg -n "validate --specs --strict --no-interactive" openspec/specs/citations-evidence-protocol/acceptance.md
5:- `openspec validate --specs --strict --no-interactive`（严格校验 specs）
32:- 上述命令退出码为 0，且 `openspec validate --specs --strict --no-interactive` 显示本 spec 为通过状态。

$ rg -n "citations_evidence_protocol_contract.v1.json" openspec/specs/citations-evidence-protocol/acceptance.md
7:- `.venv/bin/python -c 'import json; json.load(open(\"openspec/specs/citations-evidence-protocol/contract/citations_evidence_protocol_contract.v1.json\")); print(\"OK\")'`（契约机器可读校验）
22:- `openspec/specs/citations-evidence-protocol/contract/citations_evidence_protocol_contract.v1.json`

$ .venv/bin/python -c 'import json; json.load(open("openspec/specs/citations-evidence-protocol/contract/citations_evidence_protocol_contract.v1.json")); print("OK")'
OK

$ openspec validate --strict
Nothing to validate. Try one of:
  openspec validate --all
  openspec validate --changes
  openspec validate --specs
  openspec validate <item-name>
Or run in an interactive terminal.

$ openspec validate --specs --strict --no-interactive
✓ spec/abuse-and-rate-limits
✓ spec/billing-and-entitlements
✓ spec/bootability-and-regression-baseline
✓ spec/citations-evidence-protocol
✓ spec/commercial-readiness-gates
✓ spec/corpus-governance
✓ spec/corpus-release-pipeline
✓ spec/cross-book-consistency-conflicts
✓ spec/deployment-release
✓ spec/engine-id-governance
✓ spec/fusion-engine-explainability
✓ spec/geocoding-first-class
✓ spec/golden-sets-and-regression
✓ spec/identity-and-data-isolation
✓ spec/knowledge-graph-runtime-semanticquery
✓ spec/llm-narrative-layer
✓ spec/observability-slos
✓ spec/playbook-and-action-loop
✓ spec/production-defaults-no-mock
✓ spec/proofreading-workflow-qa
✓ spec/security-privacy-compliance
✓ spec/semantic-extraction-quality-gates
✓ spec/semantic-layer-core
✓ spec/seven-engine-pipeline-e2e
✓ spec/text-normalization-alignment
✓ spec/versioning-and-deviation-detection
Totals: 26 passed, 0 failed (26 items)
